24 properti terdaftar di GSC
→ sc-domain:synergysolusi.com
   5868 URL
→ https://it.proxsisgroup.com/
   1376 URL
→ https://itgid.org/
   2756 URL
→ https://biztechacademy.id/
   837 URL
→ https://hr.proxsisgroup.com/
   1196 URL
→ https://strategy.proxsisgroup.com/
   352 URL
→ https://environment-indonesia.com/
   5216 URL
→ https://indonesiasafetycenter.org/
   3369 URL
→ https://petrotrainingasia.com/
   1789 URL
→ https://talkactive.co.id/
   950 URL
→ https://fs-institute.org/
   849 URL
→ https://isoindonesiacenter.com/
   1437 URL
→ https://icicert.com/
   650 URL
→ https://grc-indonesia.com/
   1793 URL
→ https://ipqi.org/
   3352 URL
→ https://digital.proxsisgroup.com/
   644 URL
→ https://infrasec.proxsisgroup.com/
   419 URL
→ https://infra.proxsisgroup.com/
   2 URL
→ https://academy.proxsisgroup.com/
   435 URL
total 33290 URL di data/gsc.json
