$ C:\Users\MSI\AppData\Local\hermes\hermes-agent\.hermes-runtime\python\cpython-3.11-windows-x86_64-none\python.exe build_data.py
artikel     : 1326
punya URL   : 999 (75%)
domain      : 19
bulan       : ['April 2026', 'August 2026', 'February 2026', 'January 2026', 'July 2026', 'June 2026', 'March 2026', 'May 2026', 'October 2026', 'September 2026']
punya keyword: 216
punya produk : 18
punya outline: 408

synergysolusi.com                SSI                        80
it.proxsisgroup.com              Proxsis IT                 80
itgid.org                        ITGID                      80
biztechacademy.id                Biztech Academy            80
hr.proxsisgroup.com              Proxsis HR                 70
strategy.proxsisgroup.com        Strategy.Proxsis           60
environment-indonesia.com        IEC Non-BNSP               60
indonesiasafetycenter.org        ISC                        52
petrotrainingasia.com            Petrotraining              50
talkactive.co.id                 Talkactive                 49
fs-institute.org                 FSI                        40
isoindonesiacenter.com           Isocenter                  40
icicert.com                      Icicert                    40
grc-indonesia.com                GRC                        34
ipqi.org                         IPQI                       34
digital.proxsisgroup.com         Proxsis Digital            28
infrasec.proxsisgroup.com        Infra Sec                   5
infra.proxsisgroup.com           Proxsis Infra               5
academy.proxsisgroup.com         Proxsis Academy             5
$ C:\Users\MSI\AppData\Local\hermes\hermes-agent\.hermes-runtime\python\cpython-3.11-windows-x86_64-none\python.exe gsc_pull.py --all --days 90
24 properti terdaftar di GSC
→ sc-domain:synergysolusi.com
   5868 URL
→ https://it.proxsisgroup.com/
   1376 URL
→ https://itgid.org/
   2756 URL
→ https://biztechacademy.id/
   837 URL
→ https://hr.proxsisgroup.com/
   1196 URL
→ https://strategy.proxsisgroup.com/
   352 URL
→ https://environment-indonesia.com/
   5216 URL
→ https://indonesiasafetycenter.org/
   3369 URL
→ https://petrotrainingasia.com/
   1789 URL
→ https://talkactive.co.id/
   950 URL
→ https://fs-institute.org/
   849 URL
→ https://isoindonesiacenter.com/
   1437 URL
→ https://icicert.com/
   650 URL
→ https://grc-indonesia.com/
   1793 URL
→ https://ipqi.org/
   3352 URL
→ https://digital.proxsisgroup.com/
   644 URL
→ https://infrasec.proxsisgroup.com/
   419 URL
→ https://infra.proxsisgroup.com/
   2 URL
→ https://academy.proxsisgroup.com/
   435 URL
total 33290 URL di data/gsc.json
$ C:\Users\MSI\AppData\Local\hermes\hermes-agent\.hermes-runtime\python\cpython-3.11-windows-x86_64-none\python.exe meta_audit.py
target: 395 URL
sudah ada: 395 | sisa: 4

selesai: 392 URL dianalisis, 7 gagal
  description 156 karakter                      16
  description 159 karakter                      13
  description 158 karakter                      12
  title 71 karakter                             11
  title 97 karakter                             11
  title 72 karakter                             11
  description 157 karakter                      11
  title 62 karakter                             10
  title 104 karakter                            10
  title 76 karakter                             10
$ C:\Users\MSI\AppData\Local\hermes\hermes-agent\.hermes-runtime\python\cpython-3.11-windows-x86_64-none\python.exe meta_fix.py
dihitung ulang: 392 URL

  Isocenter | slhs mbg adalah
    lama : Catat! 3 Sertifikat Wajib Dapur MBG, Bukan Syarat Administratif - ISOCENTER INDONESIA (85)
    saran: Slhs mbg adalah — Catat! 3 Sertifikat Wajib Dapur MBG, (54)

  IEC Non-BNSP | 14064 nomor apa
    lama : Mengenal ISO 14064, Standar Wajib Audit Emisi Karbon di Indonesia - IEC (71)
    saran: 14064 nomor apa — Mengenal ISO 14064, Standar Wajib Audit (57)

  Proxsis HR | info taspen kenaikan gaji pensiunan 2026 kapan cair
    lama : Cek Fakta Gaji Pensiunan Taspen 2026: Isu Rapel & Aturan PP 8/2024 - Proxsis HR (79)
    saran: Cek Fakta Gaji Pensiunan Taspen 2026: Isu Rapel & Aturan PP (59)
$ C:\Users\MSI\AppData\Local\hermes\hermes-agent\.hermes-runtime\python\cpython-3.11-windows-x86_64-none\python.exe build.py
index.html: 2890902 bytes | Data per 01 Oct 2026 15:18 • 1326 artikel • 23 klien • 858 artikel terhubung GSC (1165 URL di ekspor)
$ node smoke.js index.html
overview     ok  16256 bytes
pipeline     ok  354852 bytes
performa     ok  314911 bytes
keyword      ok  99453 bytes
banding      ok  6614 bytes
meta         ok  376349 bytes
strategi     ok  93178 bytes
aksi         ok  58157 bytes

articles: 1326 | clients: 23 | months: 10
status: {"Belum mulai":159,"Draft":145,"Posted":999,"Overdue":23}
agg: {"n":1326,"posted":999,"overdue":23,"draft":145,"kw":216,"cta":18,"outline":408,"impr":903388,"clicks":12112,"rankSum":6892.200000000006,"rankN":858,"withGsc":858,"top3":33,"page1":698,"page2":104,"page3":23,"ctr":1.34,"rank":8}
filter ARTIKEL CADANGAN January 2026 -> 0 rows
filter Overdue -> 23 rows
aksi(overdue) ok  58157 bytes
$ git add -A
$ git push -q origin main

selesai: refresh data 2026-10-01 15:18
